---
source: tests/integration/cli/tests/snapshot.rs
assertion_line: 642
expression: snapshot
---
{
  "spec": {
    "name": "snapshot::test_snapshot_dash_dev_urandom",
    "use_packages": [
      "sharrattj/coreutils"
    ],
    "include_webcs": [
      {
        "name": "sharrattj/coreutils@1.0.16"
      }
    ],
    "cli_args": [],
    "stdin": [
      104,
      101,
      97,
      100,
      32,
      45,
      99,
      32,
      49,
      48,
      32,
      47,
      100,
      101,
      118,
      47,
      117,
      114,
      97,
      110,
      100,
      111,
      109,
      32,
      124,
      32,
      119,
      99,
      32,
      45,
      99
    ],
    "debug_output": false,
    "enable_threads": true,
    "enable_network": false
  },
  "result": {
    "Success": {
      "stdout": "10\n",
      "stderr": "# # \n",
      "exit_code": 0
    }
  }
}
