---
source: tests/integration/cli/tests/snapshot.rs
expression: snapshot
---
{
  "spec": {
    "name": "snapshot::test_snapshot_bash_echo",
    "use_packages": [],
    "include_webcs": [],
    "cli_args": [],
    "stdin": [
      101,
      99,
      104,
      111,
      32,
      104,
      101,
      108,
      108,
      111,
      10
    ],
    "debug_output": false,
    "enable_threads": true,
    "enable_network": false
  },
  "result": {
    "Success": {
      "stdout": "hello\n",
      "stderr": "test.wasm-5.1# test.wasm-5.1# exit\n",
      "exit_code": 0
    }
  }
}
